---
source: crates/vespera_macro/src/openapi_generator.rs
expression: "serde_json::to_string_pretty(&doc).unwrap()"
---
{
  "openapi": "3.1.0",
  "info": {
    "title": "Headers API",
    "version": "1.0.0"
  },
  "servers": [
    {
      "url": "http://localhost:3000"
    }
  ],
  "paths": {
    "/users": {
      "post": {
        "operationId": "create_user",
        "tags": [
          "users"
        ],
        "parameters": [
          {
            "name": "Authorization",
            "in": "header",
            "description": "Bearer token",
            "required": true,
            "schema": {
              "type": "string"
            }
          },
          {
            "name": "X-Trace-Id",
            "in": "header",
            "required": false,
            "schema": {
              "type": "string"
            }
          }
        ],
        "requestBody": {
          "required": true,
          "content": {
            "application/json": {
              "schema": {
                "$ref": "#/components/schemas/User"
              },
              "example": {
                "name": "Alice"
              }
            }
          }
        },
        "responses": {
          "200": {
            "description": "Successful response",
            "content": {
              "application/json": {
                "schema": {
                  "$ref": "#/components/schemas/User"
                },
                "example": {
                  "name": "Alice"
                }
              }
            }
          }
        }
      }
    }
  },
  "components": {
    "schemas": {
      "User": {
        "type": "object",
        "properties": {
          "name": {
            "type": "string"
          }
        },
        "required": [
          "name"
        ]
      }
    }
  },
  "tags": [
    {
      "name": "users"
    }
  ]
}
