---
source: crates/vespera_macro/src/openapi_generator.rs
expression: "serde_json::to_string_pretty(&doc).unwrap()"
---
{
  "openapi": "3.1.0",
  "info": {
    "title": "Typed Responses API",
    "version": "1.0.0"
  },
  "servers": [
    {
      "url": "http://localhost:3000"
    }
  ],
  "paths": {
    "/users/{id}": {
      "get": {
        "operationId": "get_user",
        "tags": [
          "users"
        ],
        "parameters": [
          {
            "name": "id",
            "in": "path",
            "required": true,
            "schema": {
              "type": "string"
            }
          }
        ],
        "responses": {
          "200": {
            "description": "Successful response",
            "content": {
              "text/plain": {
                "schema": {
                  "type": "string"
                }
              }
            }
          },
          "404": {
            "description": "Error response",
            "content": {
              "application/json": {
                "schema": {
                  "$ref": "#/components/schemas/NotFoundError"
                }
              }
            }
          }
        }
      }
    }
  },
  "components": {
    "schemas": {
      "NotFoundError": {
        "type": "object",
        "properties": {
          "message": {
            "type": "string"
          }
        },
        "required": [
          "message"
        ]
      }
    }
  },
  "tags": [
    {
      "name": "users"
    }
  ]
}
